// Jest Snapshot v1, https://goo.gl/fbAQLP

exports[`Pagination component should render correctly 1`] = `
<styled.div>
  <styled.ul>
    <styled.li>
      <Styled(WithStyles(ForwardRef(IconButton)))
        aria-label="previous"
        data-test="previousButton"
        onClick={[Function]}
        size="small"
      >
        <ChevronLeftIcon />
      </Styled(WithStyles(ForwardRef(IconButton)))>
    </styled.li>
    <styled.li
      data-test="paginationItem"
      key="1"
    >
      <Styled(WithStyles(ForwardRef(IconButton)))
        data-test="paginationButton1"
        onClick={[Function]}
        type="button"
      >
        1
      </Styled(WithStyles(ForwardRef(IconButton)))>
    </styled.li>
    <styled.li
      data-test="paginationItem"
      key="3"
    >
      <Styled(WithStyles(ForwardRef(IconButton)))
        data-test="paginationButton3"
        onClick={[Function]}
        type="button"
      >
        3
      </Styled(WithStyles(ForwardRef(IconButton)))>
    </styled.li>
    <styled.li
      data-test="paginationItem"
      key="4"
    >
      <Styled(WithStyles(ForwardRef(IconButton)))
        data-test="paginationButton4"
        onClick={[Function]}
        type="button"
      >
        4
      </Styled(WithStyles(ForwardRef(IconButton)))>
    </styled.li>
    <styled.li
      data-test="paginationItem"
      key="5"
    >
      <Styled(WithStyles(ForwardRef(IconButton)))
        active={1}
        data-test="paginationButton5"
        type="button"
      >
        5
      </Styled(WithStyles(ForwardRef(IconButton)))>
    </styled.li>
    <styled.li
      data-test="paginationItem"
      key="6"
    >
      <Styled(WithStyles(ForwardRef(IconButton)))
        data-test="paginationButton6"
        onClick={[Function]}
        type="button"
      >
        6
      </Styled(WithStyles(ForwardRef(IconButton)))>
    </styled.li>
    <styled.li
      data-test="paginationItem"
      key="7"
    >
      <Styled(WithStyles(ForwardRef(IconButton)))
        data-test="paginationButton7"
        onClick={[Function]}
        type="button"
      >
        7
      </Styled(WithStyles(ForwardRef(IconButton)))>
    </styled.li>
    <styled.li
      data-test="paginationItem"
      key="10"
    >
      <Styled(WithStyles(ForwardRef(IconButton)))
        data-test="paginationButton10"
        onClick={[Function]}
        type="button"
      >
        10
      </Styled(WithStyles(ForwardRef(IconButton)))>
    </styled.li>
    <styled.li>
      <Styled(WithStyles(ForwardRef(IconButton)))
        aria-label="next"
        data-test="nextButton"
        onClick={[Function]}
        size="small"
      >
        <ChevronRightIcon />
      </Styled(WithStyles(ForwardRef(IconButton)))>
    </styled.li>
  </styled.ul>
</styled.div>
`;
