// Jest Snapshot v1, https://goo.gl/fbAQLP

exports[`UserMenu component should render correctly 1`] = `
<styled.div>
  <Styled(WithStyles(ForwardRef(IconButton)))
    aria-controls="simple-menu"
    aria-haspopup="true"
    data-test="menuButton"
    onClick={[Function]}
  >
    <AccountBoxIcon />
  </Styled(WithStyles(ForwardRef(IconButton)))>
  <Styled(WithStyles(ForwardRef(Menu)))
    anchorEl={null}
    anchorOrigin={
      Object {
        "horizontal": "right",
        "vertical": "top",
      }
    }
    data-test="menu"
    getContentAnchorEl={null}
    id="simple-menu"
    keepMounted={true}
    onClose={[Function]}
    open={false}
    transformOrigin={
      Object {
        "horizontal": "right",
        "vertical": "top",
      }
    }
  >
    <WithStyles(ForwardRef(MenuItem))
      component={
        Object {
          "$$typeof": Symbol(react.forward_ref),
          "displayName": "Link",
          "propTypes": Object {
            "innerRef": [Function],
            "onClick": [Function],
            "replace": [Function],
            "target": [Function],
            "to": [Function],
          },
          "render": [Function],
        }
      }
      data-test="profileButton"
      onClick={[Function]}
      to="/profile"
    >
      <Styled(WithStyles(ForwardRef(ListItemIcon)))>
        <PersonOutlineOutlinedIcon
          fontSize="small"
        />
      </Styled(WithStyles(ForwardRef(ListItemIcon)))>
      <WithStyles(ForwardRef(ListItemText))
        primary="Profile"
      />
    </WithStyles(ForwardRef(MenuItem))>
    <WithStyles(ForwardRef(MenuItem))
      data-test="deleteAccountButton"
      onClick={[Function]}
    >
      <Styled(WithStyles(ForwardRef(ListItemIcon)))>
        <HighlightOffOutlinedIcon
          fontSize="small"
        />
      </Styled(WithStyles(ForwardRef(ListItemIcon)))>
      <WithStyles(ForwardRef(ListItemText))
        primary="Delete Account"
      />
    </WithStyles(ForwardRef(MenuItem))>
  </Styled(WithStyles(ForwardRef(Menu)))>
  <Connect(ThemeSwitcher) />
  <Styled(WithStyles(ForwardRef(IconButton)))
    aria-label="sign-out"
    data-test="signOutButton"
    onClick={[Function]}
  >
    <ExitToAppIcon />
  </Styled(WithStyles(ForwardRef(IconButton)))>
</styled.div>
`;
