// Jest Snapshot v1, https://goo.gl/fbAQLP

exports[`Header component should render correctly 1`] = `
<styled.header>
  <styled.div
    isAdmin={false}
  >
    <Connect(Logo) />
    <MainNavigation />
    <Connect(withRouter(WithTheme(UserMenu)))
      data-test="userMenu"
    />
  </styled.div>
  <InfoSection />
</styled.header>
`;
