// Jest Snapshot v1, https://goo.gl/fbAQLP

exports[`ProductCard component should render correctly 1`] = `
<Styled(WithStyles(ForwardRef(Card)))>
  <Styled(WithStyles(ForwardRef(CardMedia)))
    image="http://localhost:5000/api/products/1/TestImageName"
    title="TestTitle"
  />
  <Styled(WithStyles(ForwardRef(CardContent)))>
    <Styled(WithStyles(ForwardRef(Typography)))
      component="h2"
      data-test="title"
      gutterBottom={true}
      variant="h5"
    >
      TestTitle
    </Styled(WithStyles(ForwardRef(Typography)))>
    <Styled(WithStyles(ForwardRef(Typography)))
      component="h3"
      gutterBottom={true}
      variant="h5"
    />
    <Styled(WithStyles(ForwardRef(Button)))
      color="secondary"
      size="small"
      startIcon={<Memo(ShoppingCartOutlinedIcon) />}
    >
      Buy
    </Styled(WithStyles(ForwardRef(Button)))>
    <Styled(WithStyles(ForwardRef(Typography)))
      data-test="description"
    >
      TestDescription
    </Styled(WithStyles(ForwardRef(Typography)))>
  </Styled(WithStyles(ForwardRef(CardContent)))>
  <Styled(WithStyles(ForwardRef(CardActions)))>
    <WithStyles(ForwardRef(Chip))
      color="secondary"
      data-test="tag"
      key="firstTag"
      label="firstTag"
      size="small"
    />
    <WithStyles(ForwardRef(Chip))
      color="secondary"
      data-test="tag"
      key="secondTag"
      label="secondTag"
      size="small"
    />
  </Styled(WithStyles(ForwardRef(CardActions)))>
  <Connect(Ratings)
    productData={
      Immutable.Record {
        "_id": "1",
        "title": "TestTitle",
        "description": "TestDescription",
        "imageName": "TestImageName",
        "price": 99,
        "tags": Immutable.List [
          "firstTag",
          "secondTag",
        ],
        "ratingInfo": Immutable.Record {
          "average": 5,
          "votesAmount": 2,
          "currentUserRating": 5,
        },
      }
    }
  />
</Styled(WithStyles(ForwardRef(Card)))>
`;
