// Jest Snapshot v1, https://goo.gl/fbAQLP

exports[`StandardLayout component should render correctly 1`] = `
<styled.div>
  <Connect(AlertDialog)
    confirmMethod={[MockFunction]}
    title="Delete your account?"
  >
    The remove request will be sent to the administrator. Unfortunately, your account will be deleted soon.
  </Connect(AlertDialog)>
  <Connect(Header) />
  <styled.main
    data-test="main"
  >
    <p>
      test content
    </p>
  </styled.main>
  <Footer />
</styled.div>
`;
