// Jest Snapshot v1, https://goo.gl/fbAQLP

exports[`CatalogPage component should render correctly 1`] = `
<Styled(WithStyles(ForwardRef(Container)))
  maxWidth="lg"
>
  <Styled(WithStyles(ForwardRef(Typography)))
    align="center"
    component="h1"
    variant="h4"
  >
    Catalog
  </Styled(WithStyles(ForwardRef(Typography)))>
  <Connect(FilterSelect) />
  <styled.div>
    <Styled(WithStyles(ForwardRef(Grid)))
      container={true}
      spacing={4}
    />
    <Connect(Pagination) />
  </styled.div>
</Styled(WithStyles(ForwardRef(Container)))>
`;
