// Jest Snapshot v1, https://goo.gl/fbAQLP

exports[`Logo component should render correctly 1`] = `
<styled.div
  justify="flex-start"
>
  <Styled(Link)
    to="/"
  >
    <Styled(ExplicitIcon)
      fontSize="large"
    />
    <Styled(WithStyles(ForwardRef(Typography)))
      component="h2"
      variant="h6"
    >
      simple eShop
    </Styled(WithStyles(ForwardRef(Typography)))>
  </Styled(Link)>
</styled.div>
`;
